// Vitest Snapshot v1, https://vitest.dev/guide/snapshot.html

exports[`<App /> > Snapshot 1`] = `
<DocumentFragment>
  <div
    class="App"
  >
    <div
      class="App__section"
    >
      <h3
        class="App__subtitle"
      >
        Normal Mode
      </h3>
      <div
        class="App__input-group"
      >
        <input
          class="App__input "
          readonly=""
          type="text"
          value="Ctrl+Shift+E"
        />
        <button
          class="App__button"
          type="button"
        >
          編集
        </button>
      </div>
    </div>
  </div>
</DocumentFragment>
`;
